// Jest Snapshot v1, https://goo.gl/fbAQLP

exports[`ChatInput component should render the ChatInput component and match the snapshot 1`] = `
<DocumentFragment>
  <form
    class="MuiBox-root css-mkkhhh"
  >
    <div
      class="MuiFormControl-root MuiFormControl-fullWidth MuiTextField-root css-15e2bhn-MuiFormControl-root-MuiTextField-root"
    >
      <div
        class="MuiInputBase-root MuiOutlinedInput-root MuiInputBase-colorPrimary MuiInputBase-fullWidth MuiInputBase-formControl MuiInputBase-multiline css-zsp0bh-MuiInputBase-root-MuiOutlinedInput-root"
      >
        <textarea
          aria-invalid="false"
          class="MuiInputBase-input MuiOutlinedInput-input MuiInputBase-inputMultiline css-w4nesw-MuiInputBase-input-MuiOutlinedInput-input"
          id=":r0:"
          placeholder="Type your message..."
          rows="2"
          style="height: 0px; overflow: hidden;"
        />
        <textarea
          aria-hidden="true"
          class="MuiInputBase-input MuiOutlinedInput-input MuiInputBase-inputMultiline css-w4nesw-MuiInputBase-input-MuiOutlinedInput-input"
          readonly=""
          style="visibility: hidden; position: absolute; overflow: hidden; height: 0px; top: 0px; left: 0px; transform: translateZ(0); padding-top: 0px; padding-bottom: 0px; width: 100%;"
          tabindex="-1"
        />
        <fieldset
          aria-hidden="true"
          class="MuiOutlinedInput-notchedOutline css-1ll44ll-MuiOutlinedInput-notchedOutline"
        >
          <legend
            class="css-w4cd9x"
          >
            <span
              class="notranslate"
            >
              â€‹
            </span>
          </legend>
        </fieldset>
      </div>
    </div>
    <button
      aria-label="Send message"
      class="MuiButtonBase-root Mui-disabled MuiIconButton-root Mui-disabled MuiIconButton-colorPrimary MuiIconButton-sizeMedium css-186dzrf-MuiButtonBase-root-MuiIconButton-root"
      disabled=""
      tabindex="-1"
      type="submit"
    >
      <svg
        aria-hidden="true"
        class="MuiSvgIcon-root MuiSvgIcon-fontSizeMedium css-1umw9bq-MuiSvgIcon-root"
        data-testid="SendIcon"
        focusable="false"
        viewBox="0 0 24 24"
      >
        <path
          d="M2.01 21 23 12 2.01 3 2 10l15 2-15 2z"
        />
      </svg>
    </button>
  </form>
</DocumentFragment>
`;
